[2026-02-14T12:19:52.860+0000] {manager.py:483} INFO - Processing files using up to 2 processes at a time 
[2026-02-14T12:19:52.861+0000] {manager.py:484} INFO - Process each file at most once every 30 seconds
[2026-02-14T12:19:52.862+0000] {manager.py:485} INFO - Checking for new files in /opt/airflow/dags every 300 seconds
[2026-02-14T12:19:52.863+0000] {manager.py:821} INFO - Searching for files in /opt/airflow/dags
[2026-02-14T12:19:52.878+0000] {manager.py:824} INFO - There are 1 files in /opt/airflow/dags
[2026-02-14T12:19:52.976+0000] {manager.py:997} INFO - 
================================================================================
DAG File Processing Stats

File Path                                     PID  Runtime      # DAGs    # Errors  Last Runtime    Last Run      Last # of DB Queries
------------------------------------------  -----  ---------  --------  ----------  --------------  ----------  ----------------------
/opt/airflow/dags/nyc_jobs_pipeline_dag.py    274  0.02s             0           0                                                   0
================================================================================
[2026-02-14T12:20:23.773+0000] {manager.py:997} INFO - 
================================================================================
DAG File Processing Stats

File Path                                   PID    Runtime      # DAGs    # Errors  Last Runtime    Last Run               Last # of DB Queries
------------------------------------------  -----  ---------  --------  ----------  --------------  -------------------  ----------------------
/opt/airflow/dags/nyc_jobs_pipeline_dag.py                           1           0  1.59s           2026-02-14T12:19:54                      45
================================================================================
[2026-02-14T12:20:38.915+0000] {manager.py:465} INFO - Exiting gracefully upon receiving signal 15
[2026-02-14T12:26:50.345+0000] {manager.py:483} INFO - Processing files using up to 2 processes at a time 
[2026-02-14T12:26:50.348+0000] {manager.py:484} INFO - Process each file at most once every 30 seconds
[2026-02-14T12:26:50.349+0000] {manager.py:485} INFO - Checking for new files in /opt/airflow/dags every 300 seconds
[2026-02-14T12:26:50.350+0000] {manager.py:821} INFO - Searching for files in /opt/airflow/dags
[2026-02-14T12:26:50.397+0000] {manager.py:824} INFO - There are 1 files in /opt/airflow/dags
[2026-02-14T12:26:50.523+0000] {manager.py:997} INFO - 
================================================================================
DAG File Processing Stats

File Path                                     PID  Runtime      # DAGs    # Errors  Last Runtime    Last Run      Last # of DB Queries
------------------------------------------  -----  ---------  --------  ----------  --------------  ----------  ----------------------
/opt/airflow/dags/nyc_jobs_pipeline_dag.py    280  0.04s             0           0                                                   0
================================================================================
[2026-02-14T12:27:21.360+0000] {manager.py:997} INFO - 
================================================================================
DAG File Processing Stats

File Path                                   PID    Runtime      # DAGs    # Errors  Last Runtime    Last Run               Last # of DB Queries
------------------------------------------  -----  ---------  --------  ----------  --------------  -------------------  ----------------------
/opt/airflow/dags/nyc_jobs_pipeline_dag.py                           1           0  1.24s           2026-02-14T12:26:51                      12
================================================================================
[2026-02-14T12:27:52.161+0000] {manager.py:997} INFO - 
================================================================================
DAG File Processing Stats

File Path                                   PID    Runtime      # DAGs    # Errors  Last Runtime    Last Run               Last # of DB Queries
------------------------------------------  -----  ---------  --------  ----------  --------------  -------------------  ----------------------
/opt/airflow/dags/nyc_jobs_pipeline_dag.py                           1           0  0.95s           2026-02-14T12:27:23                      12
================================================================================
[2026-02-14T12:28:23.062+0000] {manager.py:997} INFO - 
================================================================================
DAG File Processing Stats

File Path                                   PID    Runtime      # DAGs    # Errors  Last Runtime    Last Run               Last # of DB Queries
------------------------------------------  -----  ---------  --------  ----------  --------------  -------------------  ----------------------
/opt/airflow/dags/nyc_jobs_pipeline_dag.py                           1           0  0.86s           2026-02-14T12:27:55                      12
================================================================================
[2026-02-14T12:28:53.783+0000] {manager.py:997} INFO - 
================================================================================
DAG File Processing Stats

File Path                                   PID    Runtime      # DAGs    # Errors  Last Runtime    Last Run               Last # of DB Queries
------------------------------------------  -----  ---------  --------  ----------  --------------  -------------------  ----------------------
/opt/airflow/dags/nyc_jobs_pipeline_dag.py                           1           0  0.84s           2026-02-14T12:28:25                      12
================================================================================
[2026-02-14T12:29:24.664+0000] {manager.py:997} INFO - 
================================================================================
DAG File Processing Stats

File Path                                   PID    Runtime      # DAGs    # Errors  Last Runtime    Last Run               Last # of DB Queries
------------------------------------------  -----  ---------  --------  ----------  --------------  -------------------  ----------------------
/opt/airflow/dags/nyc_jobs_pipeline_dag.py                           1           0  0.93s           2026-02-14T12:28:57                      12
================================================================================
[2026-02-14T12:29:55.443+0000] {manager.py:997} INFO - 
================================================================================
DAG File Processing Stats

File Path                                   PID    Runtime      # DAGs    # Errors  Last Runtime    Last Run               Last # of DB Queries
------------------------------------------  -----  ---------  --------  ----------  --------------  -------------------  ----------------------
/opt/airflow/dags/nyc_jobs_pipeline_dag.py                           1           0  0.91s           2026-02-14T12:29:28                      12
================================================================================
[2026-02-14T12:30:26.452+0000] {manager.py:997} INFO - 
================================================================================
DAG File Processing Stats

File Path                                   PID    Runtime      # DAGs    # Errors  Last Runtime    Last Run               Last # of DB Queries
------------------------------------------  -----  ---------  --------  ----------  --------------  -------------------  ----------------------
/opt/airflow/dags/nyc_jobs_pipeline_dag.py                           1           0  0.80s           2026-02-14T12:29:59                      12
================================================================================
[2026-02-14T12:30:57.296+0000] {manager.py:997} INFO - 
================================================================================
DAG File Processing Stats

File Path                                   PID    Runtime      # DAGs    # Errors  Last Runtime    Last Run               Last # of DB Queries
------------------------------------------  -----  ---------  --------  ----------  --------------  -------------------  ----------------------
/opt/airflow/dags/nyc_jobs_pipeline_dag.py                           1           0  0.90s           2026-02-14T12:30:31                      12
================================================================================
[2026-02-14T12:31:28.175+0000] {manager.py:997} INFO - 
================================================================================
DAG File Processing Stats

File Path                                   PID    Runtime      # DAGs    # Errors  Last Runtime    Last Run               Last # of DB Queries
------------------------------------------  -----  ---------  --------  ----------  --------------  -------------------  ----------------------
/opt/airflow/dags/nyc_jobs_pipeline_dag.py                           1           0  0.87s           2026-02-14T12:31:02                      12
================================================================================
[2026-02-14T12:31:50.907+0000] {manager.py:821} INFO - Searching for files in /opt/airflow/dags
[2026-02-14T12:31:50.929+0000] {manager.py:824} INFO - There are 1 files in /opt/airflow/dags
[2026-02-14T12:31:58.999+0000] {manager.py:997} INFO - 
================================================================================
DAG File Processing Stats

File Path                                   PID    Runtime      # DAGs    # Errors  Last Runtime    Last Run               Last # of DB Queries
------------------------------------------  -----  ---------  --------  ----------  --------------  -------------------  ----------------------
/opt/airflow/dags/nyc_jobs_pipeline_dag.py                           1           0  0.89s           2026-02-14T12:31:34                      12
================================================================================
[2026-02-14T12:32:29.959+0000] {manager.py:997} INFO - 
================================================================================
DAG File Processing Stats

File Path                                   PID    Runtime      # DAGs    # Errors  Last Runtime    Last Run               Last # of DB Queries
------------------------------------------  -----  ---------  --------  ----------  --------------  -------------------  ----------------------
/opt/airflow/dags/nyc_jobs_pipeline_dag.py                           1           0  0.91s           2026-02-14T12:32:05                      12
================================================================================
[2026-02-14T12:33:00.937+0000] {manager.py:997} INFO - 
================================================================================
DAG File Processing Stats

File Path                                   PID    Runtime      # DAGs    # Errors  Last Runtime    Last Run               Last # of DB Queries
------------------------------------------  -----  ---------  --------  ----------  --------------  -------------------  ----------------------
/opt/airflow/dags/nyc_jobs_pipeline_dag.py                           1           0  1.00s           2026-02-14T12:32:37                      12
================================================================================
[2026-02-14T12:33:31.618+0000] {manager.py:997} INFO - 
================================================================================
DAG File Processing Stats

File Path                                   PID    Runtime      # DAGs    # Errors  Last Runtime    Last Run               Last # of DB Queries
------------------------------------------  -----  ---------  --------  ----------  --------------  -------------------  ----------------------
/opt/airflow/dags/nyc_jobs_pipeline_dag.py                           1           0  0.80s           2026-02-14T12:33:08                      12
================================================================================
[2026-02-14T12:34:02.531+0000] {manager.py:997} INFO - 
================================================================================
DAG File Processing Stats

File Path                                   PID    Runtime      # DAGs    # Errors  Last Runtime    Last Run               Last # of DB Queries
------------------------------------------  -----  ---------  --------  ----------  --------------  -------------------  ----------------------
/opt/airflow/dags/nyc_jobs_pipeline_dag.py                           1           0  0.72s           2026-02-14T12:33:39                      12
================================================================================
[2026-02-14T12:34:33.304+0000] {manager.py:997} INFO - 
================================================================================
DAG File Processing Stats

File Path                                   PID    Runtime      # DAGs    # Errors  Last Runtime    Last Run               Last # of DB Queries
------------------------------------------  -----  ---------  --------  ----------  --------------  -------------------  ----------------------
/opt/airflow/dags/nyc_jobs_pipeline_dag.py                           1           0  0.75s           2026-02-14T12:34:11                      12
================================================================================
[2026-02-14T12:35:04.280+0000] {manager.py:997} INFO - 
================================================================================
DAG File Processing Stats

File Path                                   PID    Runtime      # DAGs    # Errors  Last Runtime    Last Run               Last # of DB Queries
------------------------------------------  -----  ---------  --------  ----------  --------------  -------------------  ----------------------
/opt/airflow/dags/nyc_jobs_pipeline_dag.py                           1           0  0.78s           2026-02-14T12:34:42                      12
================================================================================
[2026-02-14T12:35:35.005+0000] {manager.py:997} INFO - 
================================================================================
DAG File Processing Stats

File Path                                   PID    Runtime      # DAGs    # Errors  Last Runtime    Last Run               Last # of DB Queries
------------------------------------------  -----  ---------  --------  ----------  --------------  -------------------  ----------------------
/opt/airflow/dags/nyc_jobs_pipeline_dag.py                           1           0  0.77s           2026-02-14T12:35:14                      12
================================================================================
[2026-02-14T12:36:05.932+0000] {manager.py:997} INFO - 
================================================================================
DAG File Processing Stats

File Path                                   PID    Runtime      # DAGs    # Errors  Last Runtime    Last Run               Last # of DB Queries
------------------------------------------  -----  ---------  --------  ----------  --------------  -------------------  ----------------------
/opt/airflow/dags/nyc_jobs_pipeline_dag.py                           1           0  0.71s           2026-02-14T12:35:45                      12
================================================================================
[2026-02-14T12:36:36.885+0000] {manager.py:997} INFO - 
================================================================================
DAG File Processing Stats

File Path                                   PID    Runtime      # DAGs    # Errors  Last Runtime    Last Run               Last # of DB Queries
------------------------------------------  -----  ---------  --------  ----------  --------------  -------------------  ----------------------
/opt/airflow/dags/nyc_jobs_pipeline_dag.py                           1           0  0.69s           2026-02-14T12:36:16                      12
================================================================================
[2026-02-14T12:36:51.676+0000] {manager.py:821} INFO - Searching for files in /opt/airflow/dags
[2026-02-14T12:36:51.713+0000] {manager.py:824} INFO - There are 1 files in /opt/airflow/dags
[2026-02-14T12:37:08.570+0000] {manager.py:997} INFO - 
================================================================================
DAG File Processing Stats

File Path                                   PID    Runtime      # DAGs    # Errors  Last Runtime    Last Run               Last # of DB Queries
------------------------------------------  -----  ---------  --------  ----------  --------------  -------------------  ----------------------
/opt/airflow/dags/nyc_jobs_pipeline_dag.py                           1           0  0.73s           2026-02-14T12:36:47                      12
================================================================================
[2026-02-14T12:37:39.392+0000] {manager.py:997} INFO - 
================================================================================
DAG File Processing Stats

File Path                                   PID    Runtime      # DAGs    # Errors  Last Runtime    Last Run               Last # of DB Queries
------------------------------------------  -----  ---------  --------  ----------  --------------  -------------------  ----------------------
/opt/airflow/dags/nyc_jobs_pipeline_dag.py                           1           0  0.84s           2026-02-14T12:37:19                      12
================================================================================
[2026-02-14T12:38:10.200+0000] {manager.py:997} INFO - 
================================================================================
DAG File Processing Stats

File Path                                   PID    Runtime      # DAGs    # Errors  Last Runtime    Last Run               Last # of DB Queries
------------------------------------------  -----  ---------  --------  ----------  --------------  -------------------  ----------------------
/opt/airflow/dags/nyc_jobs_pipeline_dag.py                           1           0  0.70s           2026-02-14T12:37:50                      12
================================================================================
[2026-02-14T12:38:41.140+0000] {manager.py:997} INFO - 
================================================================================
DAG File Processing Stats

File Path                                   PID    Runtime      # DAGs    # Errors  Last Runtime    Last Run               Last # of DB Queries
------------------------------------------  -----  ---------  --------  ----------  --------------  -------------------  ----------------------
/opt/airflow/dags/nyc_jobs_pipeline_dag.py                           1           0  0.91s           2026-02-14T12:38:21                      12
================================================================================
[2026-02-14T12:39:12.316+0000] {manager.py:997} INFO - 
================================================================================
DAG File Processing Stats

File Path                                   PID    Runtime      # DAGs    # Errors  Last Runtime    Last Run               Last # of DB Queries
------------------------------------------  -----  ---------  --------  ----------  --------------  -------------------  ----------------------
/opt/airflow/dags/nyc_jobs_pipeline_dag.py                           1           0  0.68s           2026-02-14T12:38:52                      12
================================================================================
[2026-02-14T12:39:43.330+0000] {manager.py:997} INFO - 
================================================================================
DAG File Processing Stats

File Path                                   PID    Runtime      # DAGs    # Errors  Last Runtime    Last Run               Last # of DB Queries
------------------------------------------  -----  ---------  --------  ----------  --------------  -------------------  ----------------------
/opt/airflow/dags/nyc_jobs_pipeline_dag.py                           1           0  0.85s           2026-02-14T12:39:23                      12
================================================================================
[2026-02-14T12:40:14.027+0000] {manager.py:997} INFO - 
================================================================================
DAG File Processing Stats

File Path                                   PID    Runtime      # DAGs    # Errors  Last Runtime    Last Run               Last # of DB Queries
------------------------------------------  -----  ---------  --------  ----------  --------------  -------------------  ----------------------
/opt/airflow/dags/nyc_jobs_pipeline_dag.py                           1           0  0.76s           2026-02-14T12:39:55                      12
================================================================================
[2026-02-14T12:40:44.848+0000] {manager.py:997} INFO - 
================================================================================
DAG File Processing Stats

File Path                                   PID    Runtime      # DAGs    # Errors  Last Runtime    Last Run               Last # of DB Queries
------------------------------------------  -----  ---------  --------  ----------  --------------  -------------------  ----------------------
/opt/airflow/dags/nyc_jobs_pipeline_dag.py                           1           0  1.21s           2026-02-14T12:40:26                      12
================================================================================
[2026-02-14T12:41:15.611+0000] {manager.py:997} INFO - 
================================================================================
DAG File Processing Stats

File Path                                   PID    Runtime      # DAGs    # Errors  Last Runtime    Last Run               Last # of DB Queries
------------------------------------------  -----  ---------  --------  ----------  --------------  -------------------  ----------------------
/opt/airflow/dags/nyc_jobs_pipeline_dag.py                           1           0  0.92s           2026-02-14T12:40:58                      12
================================================================================
[2026-02-14T12:41:46.773+0000] {manager.py:997} INFO - 
================================================================================
DAG File Processing Stats

File Path                                   PID    Runtime      # DAGs    # Errors  Last Runtime    Last Run               Last # of DB Queries
------------------------------------------  -----  ---------  --------  ----------  --------------  -------------------  ----------------------
/opt/airflow/dags/nyc_jobs_pipeline_dag.py                           1           0  0.71s           2026-02-14T12:41:29                      12
================================================================================
[2026-02-14T12:41:51.808+0000] {manager.py:821} INFO - Searching for files in /opt/airflow/dags
[2026-02-14T12:41:51.828+0000] {manager.py:824} INFO - There are 1 files in /opt/airflow/dags
[2026-02-14T12:42:17.556+0000] {manager.py:997} INFO - 
================================================================================
DAG File Processing Stats

File Path                                   PID    Runtime      # DAGs    # Errors  Last Runtime    Last Run               Last # of DB Queries
------------------------------------------  -----  ---------  --------  ----------  --------------  -------------------  ----------------------
/opt/airflow/dags/nyc_jobs_pipeline_dag.py                           1           0  0.78s           2026-02-14T12:42:00                      12
================================================================================
[2026-02-14T12:42:48.506+0000] {manager.py:997} INFO - 
================================================================================
DAG File Processing Stats

File Path                                   PID    Runtime      # DAGs    # Errors  Last Runtime    Last Run               Last # of DB Queries
------------------------------------------  -----  ---------  --------  ----------  --------------  -------------------  ----------------------
/opt/airflow/dags/nyc_jobs_pipeline_dag.py                           1           0  1.18s           2026-02-14T12:42:32                      12
================================================================================
[2026-02-14T12:43:19.488+0000] {manager.py:997} INFO - 
================================================================================
DAG File Processing Stats

File Path                                   PID    Runtime      # DAGs    # Errors  Last Runtime    Last Run               Last # of DB Queries
------------------------------------------  -----  ---------  --------  ----------  --------------  -------------------  ----------------------
/opt/airflow/dags/nyc_jobs_pipeline_dag.py                           1           0  1.77s           2026-02-14T12:43:04                      12
================================================================================
[2026-02-14T12:43:50.353+0000] {manager.py:997} INFO - 
================================================================================
DAG File Processing Stats

File Path                                   PID    Runtime      # DAGs    # Errors  Last Runtime    Last Run               Last # of DB Queries
------------------------------------------  -----  ---------  --------  ----------  --------------  -------------------  ----------------------
/opt/airflow/dags/nyc_jobs_pipeline_dag.py                           1           0  0.89s           2026-02-14T12:43:36                      12
================================================================================
[2026-02-14T12:44:21.316+0000] {manager.py:997} INFO - 
================================================================================
DAG File Processing Stats

File Path                                   PID    Runtime      # DAGs    # Errors  Last Runtime    Last Run               Last # of DB Queries
------------------------------------------  -----  ---------  --------  ----------  --------------  -------------------  ----------------------
/opt/airflow/dags/nyc_jobs_pipeline_dag.py                           1           0  0.90s           2026-02-14T12:44:07                      12
================================================================================
[2026-02-14T12:44:52.303+0000] {manager.py:997} INFO - 
================================================================================
DAG File Processing Stats

File Path                                   PID    Runtime      # DAGs    # Errors  Last Runtime    Last Run               Last # of DB Queries
------------------------------------------  -----  ---------  --------  ----------  --------------  -------------------  ----------------------
/opt/airflow/dags/nyc_jobs_pipeline_dag.py                           1           0  0.97s           2026-02-14T12:44:39                      12
================================================================================
[2026-02-14T12:45:23.082+0000] {manager.py:997} INFO - 
================================================================================
DAG File Processing Stats

File Path                                   PID    Runtime      # DAGs    # Errors  Last Runtime    Last Run               Last # of DB Queries
------------------------------------------  -----  ---------  --------  ----------  --------------  -------------------  ----------------------
/opt/airflow/dags/nyc_jobs_pipeline_dag.py                           1           0  0.75s           2026-02-14T12:45:09                      12
================================================================================
[2026-02-14T12:45:54.387+0000] {manager.py:997} INFO - 
================================================================================
DAG File Processing Stats

File Path                                   PID    Runtime      # DAGs    # Errors  Last Runtime    Last Run               Last # of DB Queries
------------------------------------------  -----  ---------  --------  ----------  --------------  -------------------  ----------------------
/opt/airflow/dags/nyc_jobs_pipeline_dag.py                           1           0  0.65s           2026-02-14T12:45:40                      12
================================================================================
[2026-02-14T12:46:25.200+0000] {manager.py:997} INFO - 
================================================================================
DAG File Processing Stats

File Path                                   PID    Runtime      # DAGs    # Errors  Last Runtime    Last Run               Last # of DB Queries
------------------------------------------  -----  ---------  --------  ----------  --------------  -------------------  ----------------------
/opt/airflow/dags/nyc_jobs_pipeline_dag.py                           1           0  0.77s           2026-02-14T12:46:12                      12
================================================================================
[2026-02-14T12:46:51.811+0000] {manager.py:821} INFO - Searching for files in /opt/airflow/dags
[2026-02-14T12:46:51.873+0000] {manager.py:824} INFO - There are 1 files in /opt/airflow/dags
[2026-02-14T12:46:55.927+0000] {manager.py:997} INFO - 
================================================================================
DAG File Processing Stats

File Path                                   PID    Runtime      # DAGs    # Errors  Last Runtime    Last Run               Last # of DB Queries
------------------------------------------  -----  ---------  --------  ----------  --------------  -------------------  ----------------------
/opt/airflow/dags/nyc_jobs_pipeline_dag.py                           1           0  0.80s           2026-02-14T12:46:42                      12
================================================================================
[2026-02-14T12:47:26.772+0000] {manager.py:997} INFO - 
================================================================================
DAG File Processing Stats

File Path                                   PID    Runtime      # DAGs    # Errors  Last Runtime    Last Run               Last # of DB Queries
------------------------------------------  -----  ---------  --------  ----------  --------------  -------------------  ----------------------
/opt/airflow/dags/nyc_jobs_pipeline_dag.py                           1           0  0.69s           2026-02-14T12:47:13                      12
================================================================================
[2026-02-14T12:47:57.700+0000] {manager.py:997} INFO - 
================================================================================
DAG File Processing Stats

File Path                                   PID    Runtime      # DAGs    # Errors  Last Runtime    Last Run               Last # of DB Queries
------------------------------------------  -----  ---------  --------  ----------  --------------  -------------------  ----------------------
/opt/airflow/dags/nyc_jobs_pipeline_dag.py                           1           0  0.81s           2026-02-14T12:47:44                      12
================================================================================
[2026-02-14T12:48:29.199+0000] {manager.py:997} INFO - 
================================================================================
DAG File Processing Stats

File Path                                   PID    Runtime      # DAGs    # Errors  Last Runtime    Last Run               Last # of DB Queries
------------------------------------------  -----  ---------  --------  ----------  --------------  -------------------  ----------------------
/opt/airflow/dags/nyc_jobs_pipeline_dag.py                           1           0  0.66s           2026-02-14T12:48:15                      12
================================================================================
[2026-02-14T12:49:00.215+0000] {manager.py:997} INFO - 
================================================================================
DAG File Processing Stats

File Path                                   PID    Runtime      # DAGs    # Errors  Last Runtime    Last Run               Last # of DB Queries
------------------------------------------  -----  ---------  --------  ----------  --------------  -------------------  ----------------------
/opt/airflow/dags/nyc_jobs_pipeline_dag.py                           1           0  0.96s           2026-02-14T12:48:47                      12
================================================================================
[2026-02-14T12:49:31.094+0000] {manager.py:997} INFO - 
================================================================================
DAG File Processing Stats

File Path                                   PID    Runtime      # DAGs    # Errors  Last Runtime    Last Run               Last # of DB Queries
------------------------------------------  -----  ---------  --------  ----------  --------------  -------------------  ----------------------
/opt/airflow/dags/nyc_jobs_pipeline_dag.py                           1           0  0.77s           2026-02-14T12:49:17                      12
================================================================================
[2026-02-14T12:50:01.887+0000] {manager.py:997} INFO - 
================================================================================
DAG File Processing Stats

File Path                                   PID    Runtime      # DAGs    # Errors  Last Runtime    Last Run               Last # of DB Queries
------------------------------------------  -----  ---------  --------  ----------  --------------  -------------------  ----------------------
/opt/airflow/dags/nyc_jobs_pipeline_dag.py                           1           0  0.76s           2026-02-14T12:49:48                      12
================================================================================
[2026-02-14T12:50:32.824+0000] {manager.py:997} INFO - 
================================================================================
DAG File Processing Stats

File Path                                   PID    Runtime      # DAGs    # Errors  Last Runtime    Last Run               Last # of DB Queries
------------------------------------------  -----  ---------  --------  ----------  --------------  -------------------  ----------------------
/opt/airflow/dags/nyc_jobs_pipeline_dag.py                           1           0  0.87s           2026-02-14T12:50:19                      12
================================================================================
[2026-02-14T12:51:03.588+0000] {manager.py:997} INFO - 
================================================================================
DAG File Processing Stats

File Path                                   PID    Runtime      # DAGs    # Errors  Last Runtime    Last Run               Last # of DB Queries
------------------------------------------  -----  ---------  --------  ----------  --------------  -------------------  ----------------------
/opt/airflow/dags/nyc_jobs_pipeline_dag.py                           1           0  0.89s           2026-02-14T12:50:50                      12
================================================================================
[2026-02-14T12:51:33.962+0000] {manager.py:997} INFO - 
================================================================================
DAG File Processing Stats

File Path                                   PID    Runtime      # DAGs    # Errors  Last Runtime    Last Run               Last # of DB Queries
------------------------------------------  -----  ---------  --------  ----------  --------------  -------------------  ----------------------
/opt/airflow/dags/nyc_jobs_pipeline_dag.py                           1           0  0.72s           2026-02-14T12:51:21                      12
================================================================================
[2026-02-14T12:51:51.900+0000] {manager.py:821} INFO - Searching for files in /opt/airflow/dags
[2026-02-14T12:51:51.927+0000] {manager.py:824} INFO - There are 1 files in /opt/airflow/dags
[2026-02-14T12:52:04.773+0000] {manager.py:997} INFO - 
================================================================================
DAG File Processing Stats

File Path                                   PID    Runtime      # DAGs    # Errors  Last Runtime    Last Run               Last # of DB Queries
------------------------------------------  -----  ---------  --------  ----------  --------------  -------------------  ----------------------
/opt/airflow/dags/nyc_jobs_pipeline_dag.py                           1           0  0.68s           2026-02-14T12:51:52                      12
================================================================================
[2026-02-14T12:52:35.572+0000] {manager.py:997} INFO - 
================================================================================
DAG File Processing Stats

File Path                                   PID    Runtime      # DAGs    # Errors  Last Runtime    Last Run               Last # of DB Queries
------------------------------------------  -----  ---------  --------  ----------  --------------  -------------------  ----------------------
/opt/airflow/dags/nyc_jobs_pipeline_dag.py                           1           0  0.82s           2026-02-14T12:52:23                      12
================================================================================
[2026-02-14T12:53:06.464+0000] {manager.py:997} INFO - 
================================================================================
DAG File Processing Stats

File Path                                   PID    Runtime      # DAGs    # Errors  Last Runtime    Last Run               Last # of DB Queries
------------------------------------------  -----  ---------  --------  ----------  --------------  -------------------  ----------------------
/opt/airflow/dags/nyc_jobs_pipeline_dag.py                           1           0  0.67s           2026-02-14T12:52:54                      12
================================================================================
[2026-02-14T12:53:37.490+0000] {manager.py:997} INFO - 
================================================================================
DAG File Processing Stats

File Path                                   PID    Runtime      # DAGs    # Errors  Last Runtime    Last Run               Last # of DB Queries
------------------------------------------  -----  ---------  --------  ----------  --------------  -------------------  ----------------------
/opt/airflow/dags/nyc_jobs_pipeline_dag.py                           1           0  2.28s           2026-02-14T12:53:26                      12
================================================================================
[2026-02-14T12:54:08.480+0000] {manager.py:997} INFO - 
================================================================================
DAG File Processing Stats

File Path                                   PID    Runtime      # DAGs    # Errors  Last Runtime    Last Run               Last # of DB Queries
------------------------------------------  -----  ---------  --------  ----------  --------------  -------------------  ----------------------
/opt/airflow/dags/nyc_jobs_pipeline_dag.py                           1           0  0.65s           2026-02-14T12:53:57                      12
================================================================================
[2026-02-14T12:54:39.568+0000] {manager.py:997} INFO - 
================================================================================
DAG File Processing Stats

File Path                                   PID    Runtime      # DAGs    # Errors  Last Runtime    Last Run               Last # of DB Queries
------------------------------------------  -----  ---------  --------  ----------  --------------  -------------------  ----------------------
/opt/airflow/dags/nyc_jobs_pipeline_dag.py                           1           0  1.16s           2026-02-14T12:54:28                      12
================================================================================
[2026-02-14T12:55:09.998+0000] {manager.py:997} INFO - 
================================================================================
DAG File Processing Stats

File Path                                   PID    Runtime      # DAGs    # Errors  Last Runtime    Last Run               Last # of DB Queries
------------------------------------------  -----  ---------  --------  ----------  --------------  -------------------  ----------------------
/opt/airflow/dags/nyc_jobs_pipeline_dag.py                           1           0  0.72s           2026-02-14T12:54:59                      12
================================================================================
[2026-02-14T12:55:40.952+0000] {manager.py:997} INFO - 
================================================================================
DAG File Processing Stats

File Path                                   PID    Runtime      # DAGs    # Errors  Last Runtime    Last Run               Last # of DB Queries
------------------------------------------  -----  ---------  --------  ----------  --------------  -------------------  ----------------------
/opt/airflow/dags/nyc_jobs_pipeline_dag.py                           1           0  0.88s           2026-02-14T12:55:30                      12
================================================================================
[2026-02-14T12:56:11.892+0000] {manager.py:997} INFO - 
================================================================================
DAG File Processing Stats

File Path                                   PID    Runtime      # DAGs    # Errors  Last Runtime    Last Run               Last # of DB Queries
------------------------------------------  -----  ---------  --------  ----------  --------------  -------------------  ----------------------
/opt/airflow/dags/nyc_jobs_pipeline_dag.py                           1           0  0.86s           2026-02-14T12:56:02                      12
================================================================================
[2026-02-14T12:56:42.332+0000] {manager.py:997} INFO - 
================================================================================
DAG File Processing Stats

File Path                                   PID    Runtime      # DAGs    # Errors  Last Runtime    Last Run               Last # of DB Queries
------------------------------------------  -----  ---------  --------  ----------  --------------  -------------------  ----------------------
/opt/airflow/dags/nyc_jobs_pipeline_dag.py                           1           0  1.30s           2026-02-14T12:56:37                      34
================================================================================
[2026-02-14T12:56:52.907+0000] {manager.py:821} INFO - Searching for files in /opt/airflow/dags
[2026-02-14T12:56:53.002+0000] {manager.py:824} INFO - There are 1 files in /opt/airflow/dags
[2026-02-14T12:57:13.248+0000] {manager.py:997} INFO - 
================================================================================
DAG File Processing Stats

File Path                                   PID    Runtime      # DAGs    # Errors  Last Runtime    Last Run               Last # of DB Queries
------------------------------------------  -----  ---------  --------  ----------  --------------  -------------------  ----------------------
/opt/airflow/dags/nyc_jobs_pipeline_dag.py                           1           0  0.91s           2026-02-14T12:57:08                      12
================================================================================
[2026-02-14T12:57:44.102+0000] {manager.py:997} INFO - 
================================================================================
DAG File Processing Stats

File Path                                   PID    Runtime      # DAGs    # Errors  Last Runtime    Last Run               Last # of DB Queries
------------------------------------------  -----  ---------  --------  ----------  --------------  -------------------  ----------------------
/opt/airflow/dags/nyc_jobs_pipeline_dag.py                           1           0  0.76s           2026-02-14T12:57:39                      12
================================================================================
[2026-02-14T12:58:15.141+0000] {manager.py:997} INFO - 
================================================================================
DAG File Processing Stats

File Path                                   PID    Runtime      # DAGs    # Errors  Last Runtime    Last Run               Last # of DB Queries
------------------------------------------  -----  ---------  --------  ----------  --------------  -------------------  ----------------------
/opt/airflow/dags/nyc_jobs_pipeline_dag.py                           1           0  0.85s           2026-02-14T12:58:10                      12
================================================================================
[2026-02-14T12:58:46.118+0000] {manager.py:997} INFO - 
================================================================================
DAG File Processing Stats

File Path                                   PID    Runtime      # DAGs    # Errors  Last Runtime    Last Run               Last # of DB Queries
------------------------------------------  -----  ---------  --------  ----------  --------------  -------------------  ----------------------
/opt/airflow/dags/nyc_jobs_pipeline_dag.py                           1           0  0.85s           2026-02-14T12:58:41                      12
================================================================================
[2026-02-14T12:59:17.155+0000] {manager.py:997} INFO - 
================================================================================
DAG File Processing Stats

File Path                                   PID    Runtime      # DAGs    # Errors  Last Runtime    Last Run               Last # of DB Queries
------------------------------------------  -----  ---------  --------  ----------  --------------  -------------------  ----------------------
/opt/airflow/dags/nyc_jobs_pipeline_dag.py                           1           0  0.85s           2026-02-14T12:59:12                      12
================================================================================
[2026-02-14T12:59:48.086+0000] {manager.py:997} INFO - 
================================================================================
DAG File Processing Stats

File Path                                   PID    Runtime      # DAGs    # Errors  Last Runtime    Last Run               Last # of DB Queries
------------------------------------------  -----  ---------  --------  ----------  --------------  -------------------  ----------------------
/opt/airflow/dags/nyc_jobs_pipeline_dag.py                           1           0  0.85s           2026-02-14T12:59:43                      12
================================================================================
[2026-02-14T13:00:19.078+0000] {manager.py:997} INFO - 
================================================================================
DAG File Processing Stats

File Path                                   PID    Runtime      # DAGs    # Errors  Last Runtime    Last Run               Last # of DB Queries
------------------------------------------  -----  ---------  --------  ----------  --------------  -------------------  ----------------------
/opt/airflow/dags/nyc_jobs_pipeline_dag.py                           1           0  0.88s           2026-02-14T13:00:14                      12
================================================================================
[2026-02-14T13:00:49.875+0000] {manager.py:997} INFO - 
================================================================================
DAG File Processing Stats

File Path                                   PID    Runtime      # DAGs    # Errors  Last Runtime    Last Run               Last # of DB Queries
------------------------------------------  -----  ---------  --------  ----------  --------------  -------------------  ----------------------
/opt/airflow/dags/nyc_jobs_pipeline_dag.py                           1           0  0.94s           2026-02-14T13:00:45                      12
================================================================================
[2026-02-14T13:01:21.031+0000] {manager.py:997} INFO - 
================================================================================
DAG File Processing Stats

File Path                                   PID    Runtime      # DAGs    # Errors  Last Runtime    Last Run               Last # of DB Queries
------------------------------------------  -----  ---------  --------  ----------  --------------  -------------------  ----------------------
/opt/airflow/dags/nyc_jobs_pipeline_dag.py                           1           0  0.87s           2026-02-14T13:01:16                      12
================================================================================
[2026-02-14T13:01:52.193+0000] {manager.py:997} INFO - 
================================================================================
DAG File Processing Stats

File Path                                   PID    Runtime      # DAGs    # Errors  Last Runtime    Last Run               Last # of DB Queries
------------------------------------------  -----  ---------  --------  ----------  --------------  -------------------  ----------------------
/opt/airflow/dags/nyc_jobs_pipeline_dag.py                           1           0  0.83s           2026-02-14T13:01:47                      12
================================================================================
[2026-02-14T13:01:53.199+0000] {manager.py:821} INFO - Searching for files in /opt/airflow/dags
[2026-02-14T13:01:53.271+0000] {manager.py:824} INFO - There are 1 files in /opt/airflow/dags
[2026-02-14T13:02:23.060+0000] {manager.py:997} INFO - 
================================================================================
DAG File Processing Stats

File Path                                   PID    Runtime      # DAGs    # Errors  Last Runtime    Last Run               Last # of DB Queries
------------------------------------------  -----  ---------  --------  ----------  --------------  -------------------  ----------------------
/opt/airflow/dags/nyc_jobs_pipeline_dag.py                           1           0  0.64s           2026-02-14T13:02:17                      12
================================================================================
[2026-02-14T13:02:53.736+0000] {manager.py:997} INFO - 
================================================================================
DAG File Processing Stats

File Path                                   PID    Runtime      # DAGs    # Errors  Last Runtime    Last Run               Last # of DB Queries
------------------------------------------  -----  ---------  --------  ----------  --------------  -------------------  ----------------------
/opt/airflow/dags/nyc_jobs_pipeline_dag.py                           1           0  0.81s           2026-02-14T13:02:48                      12
================================================================================
[2026-02-14T13:03:24.887+0000] {manager.py:997} INFO - 
================================================================================
DAG File Processing Stats

File Path                                   PID    Runtime      # DAGs    # Errors  Last Runtime    Last Run               Last # of DB Queries
------------------------------------------  -----  ---------  --------  ----------  --------------  -------------------  ----------------------
/opt/airflow/dags/nyc_jobs_pipeline_dag.py                           1           0  0.80s           2026-02-14T13:03:19                      12
================================================================================
[2026-02-14T13:03:55.950+0000] {manager.py:997} INFO - 
================================================================================
DAG File Processing Stats

File Path                                   PID    Runtime      # DAGs    # Errors  Last Runtime    Last Run               Last # of DB Queries
------------------------------------------  -----  ---------  --------  ----------  --------------  -------------------  ----------------------
/opt/airflow/dags/nyc_jobs_pipeline_dag.py                           1           0  0.96s           2026-02-14T13:03:50                      12
================================================================================
[2026-02-14T13:04:26.822+0000] {manager.py:997} INFO - 
================================================================================
DAG File Processing Stats

File Path                                   PID    Runtime      # DAGs    # Errors  Last Runtime    Last Run               Last # of DB Queries
------------------------------------------  -----  ---------  --------  ----------  --------------  -------------------  ----------------------
/opt/airflow/dags/nyc_jobs_pipeline_dag.py                           1           0  0.73s           2026-02-14T13:04:21                      12
================================================================================
[2026-02-14T13:04:57.871+0000] {manager.py:997} INFO - 
================================================================================
DAG File Processing Stats

File Path                                   PID    Runtime      # DAGs    # Errors  Last Runtime    Last Run               Last # of DB Queries
------------------------------------------  -----  ---------  --------  ----------  --------------  -------------------  ----------------------
/opt/airflow/dags/nyc_jobs_pipeline_dag.py                           1           0  0.85s           2026-02-14T13:04:52                      12
================================================================================
[2026-02-14T13:05:28.766+0000] {manager.py:997} INFO - 
================================================================================
DAG File Processing Stats

File Path                                   PID    Runtime      # DAGs    # Errors  Last Runtime    Last Run               Last # of DB Queries
------------------------------------------  -----  ---------  --------  ----------  --------------  -------------------  ----------------------
/opt/airflow/dags/nyc_jobs_pipeline_dag.py                           1           0  0.70s           2026-02-14T13:05:23                      12
================================================================================
[2026-02-14T13:05:59.598+0000] {manager.py:997} INFO - 
================================================================================
DAG File Processing Stats

File Path                                   PID    Runtime      # DAGs    # Errors  Last Runtime    Last Run               Last # of DB Queries
------------------------------------------  -----  ---------  --------  ----------  --------------  -------------------  ----------------------
/opt/airflow/dags/nyc_jobs_pipeline_dag.py                           1           0  0.76s           2026-02-14T13:05:54                      12
================================================================================
[2026-02-14T13:06:30.512+0000] {manager.py:997} INFO - 
================================================================================
DAG File Processing Stats

File Path                                   PID    Runtime      # DAGs    # Errors  Last Runtime    Last Run               Last # of DB Queries
------------------------------------------  -----  ---------  --------  ----------  --------------  -------------------  ----------------------
/opt/airflow/dags/nyc_jobs_pipeline_dag.py                           1           0  0.82s           2026-02-14T13:06:25                      12
================================================================================
[2026-02-14T13:06:53.521+0000] {manager.py:821} INFO - Searching for files in /opt/airflow/dags
[2026-02-14T13:06:53.552+0000] {manager.py:824} INFO - There are 1 files in /opt/airflow/dags
[2026-02-14T13:07:01.334+0000] {manager.py:997} INFO - 
================================================================================
DAG File Processing Stats

File Path                                   PID    Runtime      # DAGs    # Errors  Last Runtime    Last Run               Last # of DB Queries
------------------------------------------  -----  ---------  --------  ----------  --------------  -------------------  ----------------------
/opt/airflow/dags/nyc_jobs_pipeline_dag.py                           1           0  0.67s           2026-02-14T13:06:56                      12
================================================================================
[2026-02-14T13:07:32.067+0000] {manager.py:997} INFO - 
================================================================================
DAG File Processing Stats

File Path                                   PID    Runtime      # DAGs    # Errors  Last Runtime    Last Run               Last # of DB Queries
------------------------------------------  -----  ---------  --------  ----------  --------------  -------------------  ----------------------
/opt/airflow/dags/nyc_jobs_pipeline_dag.py                           1           0  0.67s           2026-02-14T13:07:27                      12
================================================================================
[2026-02-14T13:08:02.911+0000] {manager.py:997} INFO - 
================================================================================
DAG File Processing Stats

File Path                                   PID    Runtime      # DAGs    # Errors  Last Runtime    Last Run               Last # of DB Queries
------------------------------------------  -----  ---------  --------  ----------  --------------  -------------------  ----------------------
/opt/airflow/dags/nyc_jobs_pipeline_dag.py                           1           0  0.87s           2026-02-14T13:07:57                      12
================================================================================
[2026-02-14T13:08:33.915+0000] {manager.py:997} INFO - 
================================================================================
DAG File Processing Stats

File Path                                   PID    Runtime      # DAGs    # Errors  Last Runtime    Last Run               Last # of DB Queries
------------------------------------------  -----  ---------  --------  ----------  --------------  -------------------  ----------------------
/opt/airflow/dags/nyc_jobs_pipeline_dag.py                           1           0  0.81s           2026-02-14T13:08:28                      12
================================================================================
[2026-02-14T13:09:04.770+0000] {manager.py:997} INFO - 
================================================================================
DAG File Processing Stats

File Path                                   PID    Runtime      # DAGs    # Errors  Last Runtime    Last Run               Last # of DB Queries
------------------------------------------  -----  ---------  --------  ----------  --------------  -------------------  ----------------------
/opt/airflow/dags/nyc_jobs_pipeline_dag.py                           1           0  0.68s           2026-02-14T13:08:59                      12
================================================================================
[2026-02-14T13:09:35.880+0000] {manager.py:997} INFO - 
================================================================================
DAG File Processing Stats

File Path                                   PID    Runtime      # DAGs    # Errors  Last Runtime    Last Run               Last # of DB Queries
------------------------------------------  -----  ---------  --------  ----------  --------------  -------------------  ----------------------
/opt/airflow/dags/nyc_jobs_pipeline_dag.py                           1           0  1.06s           2026-02-14T13:09:30                      12
================================================================================
[2026-02-14T13:10:06.738+0000] {manager.py:997} INFO - 
================================================================================
DAG File Processing Stats

File Path                                   PID    Runtime      # DAGs    # Errors  Last Runtime    Last Run               Last # of DB Queries
------------------------------------------  -----  ---------  --------  ----------  --------------  -------------------  ----------------------
/opt/airflow/dags/nyc_jobs_pipeline_dag.py                           1           0  0.68s           2026-02-14T13:10:01                      12
================================================================================
[2026-02-14T13:10:37.404+0000] {manager.py:997} INFO - 
================================================================================
DAG File Processing Stats

File Path                                   PID    Runtime      # DAGs    # Errors  Last Runtime    Last Run               Last # of DB Queries
------------------------------------------  -----  ---------  --------  ----------  --------------  -------------------  ----------------------
/opt/airflow/dags/nyc_jobs_pipeline_dag.py                           1           0  0.91s           2026-02-14T13:10:32                      12
================================================================================
[2026-02-14T13:11:08.490+0000] {manager.py:997} INFO - 
================================================================================
DAG File Processing Stats

File Path                                   PID    Runtime      # DAGs    # Errors  Last Runtime    Last Run               Last # of DB Queries
------------------------------------------  -----  ---------  --------  ----------  --------------  -------------------  ----------------------
/opt/airflow/dags/nyc_jobs_pipeline_dag.py                           1           0  0.71s           2026-02-14T13:11:03                      12
================================================================================
[2026-02-14T13:11:39.490+0000] {manager.py:997} INFO - 
================================================================================
DAG File Processing Stats

File Path                                   PID    Runtime      # DAGs    # Errors  Last Runtime    Last Run               Last # of DB Queries
------------------------------------------  -----  ---------  --------  ----------  --------------  -------------------  ----------------------
/opt/airflow/dags/nyc_jobs_pipeline_dag.py                           1           0  0.91s           2026-02-14T13:11:34                      12
================================================================================
[2026-02-14T13:11:53.784+0000] {manager.py:821} INFO - Searching for files in /opt/airflow/dags
[2026-02-14T13:11:53.815+0000] {manager.py:824} INFO - There are 1 files in /opt/airflow/dags
[2026-02-14T13:12:10.321+0000] {manager.py:997} INFO - 
================================================================================
DAG File Processing Stats

File Path                                   PID    Runtime      # DAGs    # Errors  Last Runtime    Last Run               Last # of DB Queries
------------------------------------------  -----  ---------  --------  ----------  --------------  -------------------  ----------------------
/opt/airflow/dags/nyc_jobs_pipeline_dag.py                           1           0  0.72s           2026-02-14T13:12:05                      12
================================================================================
[2026-02-14T13:12:41.254+0000] {manager.py:997} INFO - 
================================================================================
DAG File Processing Stats

File Path                                   PID    Runtime      # DAGs    # Errors  Last Runtime    Last Run               Last # of DB Queries
------------------------------------------  -----  ---------  --------  ----------  --------------  -------------------  ----------------------
/opt/airflow/dags/nyc_jobs_pipeline_dag.py                           1           0  0.82s           2026-02-14T13:12:36                      12
================================================================================
[2026-02-14T13:13:12.117+0000] {manager.py:997} INFO - 
================================================================================
DAG File Processing Stats

File Path                                   PID    Runtime      # DAGs    # Errors  Last Runtime    Last Run               Last # of DB Queries
------------------------------------------  -----  ---------  --------  ----------  --------------  -------------------  ----------------------
/opt/airflow/dags/nyc_jobs_pipeline_dag.py                           1           0  0.64s           2026-02-14T13:13:07                      12
================================================================================
[2026-02-14T13:13:42.954+0000] {manager.py:997} INFO - 
================================================================================
DAG File Processing Stats

File Path                                   PID    Runtime      # DAGs    # Errors  Last Runtime    Last Run               Last # of DB Queries
------------------------------------------  -----  ---------  --------  ----------  --------------  -------------------  ----------------------
/opt/airflow/dags/nyc_jobs_pipeline_dag.py                           1           0  1.59s           2026-02-14T13:13:38                      12
================================================================================
[2026-02-14T13:14:13.523+0000] {manager.py:997} INFO - 
================================================================================
DAG File Processing Stats

File Path                                   PID    Runtime      # DAGs    # Errors  Last Runtime    Last Run               Last # of DB Queries
------------------------------------------  -----  ---------  --------  ----------  --------------  -------------------  ----------------------
/opt/airflow/dags/nyc_jobs_pipeline_dag.py                           1           0  0.82s           2026-02-14T13:14:09                      12
================================================================================
[2026-02-14T13:14:45.120+0000] {manager.py:997} INFO - 
================================================================================
DAG File Processing Stats

File Path                                   PID    Runtime      # DAGs    # Errors  Last Runtime    Last Run               Last # of DB Queries
------------------------------------------  -----  ---------  --------  ----------  --------------  -------------------  ----------------------
/opt/airflow/dags/nyc_jobs_pipeline_dag.py                           1           0  1.11s           2026-02-14T13:14:41                      12
================================================================================
[2026-02-14T13:15:15.817+0000] {manager.py:997} INFO - 
================================================================================
DAG File Processing Stats

File Path                                   PID    Runtime      # DAGs    # Errors  Last Runtime    Last Run               Last # of DB Queries
------------------------------------------  -----  ---------  --------  ----------  --------------  -------------------  ----------------------
/opt/airflow/dags/nyc_jobs_pipeline_dag.py                           1           0  0.59s           2026-02-14T13:15:12                      12
================================================================================
[2026-02-14T13:15:46.215+0000] {manager.py:997} INFO - 
================================================================================
DAG File Processing Stats

File Path                                   PID    Runtime      # DAGs    # Errors  Last Runtime    Last Run               Last # of DB Queries
------------------------------------------  -----  ---------  --------  ----------  --------------  -------------------  ----------------------
/opt/airflow/dags/nyc_jobs_pipeline_dag.py                           1           0  0.79s           2026-02-14T13:15:43                      12
================================================================================
[2026-02-14T13:16:17.379+0000] {manager.py:997} INFO - 
================================================================================
DAG File Processing Stats

File Path                                   PID    Runtime      # DAGs    # Errors  Last Runtime    Last Run               Last # of DB Queries
------------------------------------------  -----  ---------  --------  ----------  --------------  -------------------  ----------------------
/opt/airflow/dags/nyc_jobs_pipeline_dag.py                           1           0  0.61s           2026-02-14T13:16:13                      12
================================================================================
[2026-02-14T13:16:47.743+0000] {manager.py:997} INFO - 
================================================================================
DAG File Processing Stats

File Path                                   PID    Runtime      # DAGs    # Errors  Last Runtime    Last Run               Last # of DB Queries
------------------------------------------  -----  ---------  --------  ----------  --------------  -------------------  ----------------------
/opt/airflow/dags/nyc_jobs_pipeline_dag.py                           1           0  1.71s           2026-02-14T13:16:45                      12
================================================================================
[2026-02-14T13:16:54.057+0000] {manager.py:821} INFO - Searching for files in /opt/airflow/dags
[2026-02-14T13:16:54.114+0000] {manager.py:824} INFO - There are 1 files in /opt/airflow/dags
[2026-02-14T13:17:18.486+0000] {manager.py:997} INFO - 
================================================================================
DAG File Processing Stats

File Path                                   PID    Runtime      # DAGs    # Errors  Last Runtime    Last Run               Last # of DB Queries
------------------------------------------  -----  ---------  --------  ----------  --------------  -------------------  ----------------------
/opt/airflow/dags/nyc_jobs_pipeline_dag.py                           1           0  1.12s           2026-02-14T13:17:17                      12
================================================================================
[2026-02-14T13:17:49.719+0000] {manager.py:997} INFO - 
================================================================================
DAG File Processing Stats

File Path                                   PID    Runtime      # DAGs    # Errors  Last Runtime    Last Run               Last # of DB Queries
------------------------------------------  -----  ---------  --------  ----------  --------------  -------------------  ----------------------
/opt/airflow/dags/nyc_jobs_pipeline_dag.py                           1           0  1.29s           2026-02-14T13:17:48                      12
================================================================================
[2026-02-14T13:18:21.012+0000] {manager.py:997} INFO - 
================================================================================
DAG File Processing Stats

File Path                                   PID    Runtime      # DAGs    # Errors  Last Runtime    Last Run               Last # of DB Queries
------------------------------------------  -----  ---------  --------  ----------  --------------  -------------------  ----------------------
/opt/airflow/dags/nyc_jobs_pipeline_dag.py                           1           0  1.81s           2026-02-14T13:18:20                      12
================================================================================
[2026-02-14T13:18:52.525+0000] {manager.py:997} INFO - 
================================================================================
DAG File Processing Stats

File Path                                     PID  Runtime      # DAGs    # Errors  Last Runtime    Last Run               Last # of DB Queries
------------------------------------------  -----  ---------  --------  ----------  --------------  -------------------  ----------------------
/opt/airflow/dags/nyc_jobs_pipeline_dag.py   1459  0.90s             1           0  1.81s           2026-02-14T13:18:20                      12
================================================================================
[2026-02-14T13:19:23.553+0000] {manager.py:997} INFO - 
================================================================================
DAG File Processing Stats

File Path                                     PID  Runtime      # DAGs    # Errors  Last Runtime    Last Run               Last # of DB Queries
------------------------------------------  -----  ---------  --------  ----------  --------------  -------------------  ----------------------
/opt/airflow/dags/nyc_jobs_pipeline_dag.py   1470  0.01s             1           0  1.77s           2026-02-14T13:18:53                      12
================================================================================
[2026-02-14T13:19:54.654+0000] {manager.py:997} INFO - 
================================================================================
DAG File Processing Stats

File Path                                     PID  Runtime      # DAGs    # Errors  Last Runtime    Last Run               Last # of DB Queries
------------------------------------------  -----  ---------  --------  ----------  --------------  -------------------  ----------------------
/opt/airflow/dags/nyc_jobs_pipeline_dag.py   1481  0.00s             1           0  1.02s           2026-02-14T13:19:24                      12
================================================================================
[2026-02-14T13:20:25.761+0000] {manager.py:997} INFO - 
================================================================================
DAG File Processing Stats

File Path                                   PID    Runtime      # DAGs    # Errors  Last Runtime    Last Run               Last # of DB Queries
------------------------------------------  -----  ---------  --------  ----------  --------------  -------------------  ----------------------
/opt/airflow/dags/nyc_jobs_pipeline_dag.py                           1           0  1.19s           2026-02-14T13:19:55                      12
================================================================================
[2026-02-14T13:20:56.268+0000] {manager.py:997} INFO - 
================================================================================
DAG File Processing Stats

File Path                                   PID    Runtime      # DAGs    # Errors  Last Runtime    Last Run               Last # of DB Queries
------------------------------------------  -----  ---------  --------  ----------  --------------  -------------------  ----------------------
/opt/airflow/dags/nyc_jobs_pipeline_dag.py                           1           0  1.44s           2026-02-14T13:20:27                      12
================================================================================
